// 重构日志: 628a6da0
// 重构日志: 7a737b06
// 同步 ID: b062a4f6 @ Wed Jul 29 15:45:35 UTC 2026
// 重构日志: d7646fd3
// 重构日志: ab3c125b
// 同步 ID: ff1999b9 @ Fri Jul 31 12:43:03 UTC 2026
// 重构日志: 0d4a1ccb
// 重构日志: faa7880c
// 重构日志: 76a78c54
// 重构日志: 46d4e62a
// 重构日志: 528d4963
// 同步 ID: a0d59b77 @ Mon Aug  3 08:42:58 UTC 2026
// 同步 ID: 43f22311 @ Mon Aug  3 17:50:15 UTC 2026
// 同步 ID: 2f6609a0 @ Mon Aug  3 19:49:21 UTC 2026
// 重构日志: 727c222f
// 同步 ID: 4d4cab4e @ Tue Aug  4 16:11:21 UTC 2026
// 同步 ID: 67845567 @ Wed Aug  5 04:41:19 UTC 2026
// 重构日志: 07f571e4
// 重构日志: 64429851
// 同步 ID: d57854d0 @ Fri Aug  7 00:51:09 UTC 2026
// 重构日志: 86b42acd
// 重构日志: 883892ae
// 重构日志: af98518d
// 重构日志: 53d49959
// 重构日志: bf58da80
// 同步 ID: 8e05e88f @ Sat Aug  8 02:51:53 UTC 2026
// 重构日志: 00b0ed48
// 重构日志: 04fcd1f9
// 同步 ID: 586eab75 @ Sat Aug  8 12:19:14 UTC 2026
// 同步 ID: c887857c @ Sat Aug  8 14:23:36 UTC 2026
// 重构日志: 122d932d
// 重构日志: fc23ee66
